C:/Users/danie/STM32CubeIDE/workspace_1.13.1/so/RTOS/os.c:18:6:idle	1
C:/Users/danie/STM32CubeIDE/workspace_1.13.1/so/RTOS/os.c:24:8:scheduler	3
C:/Users/danie/STM32CubeIDE/workspace_1.13.1/so/RTOS/os.c:44:6:os_start	1
C:/Users/danie/STM32CubeIDE/workspace_1.13.1/so/RTOS/os.c:52:6:os_delay	1
C:/Users/danie/STM32CubeIDE/workspace_1.13.1/so/RTOS/os.c:63:7:os_inc_and_compare	4
C:/Users/danie/STM32CubeIDE/workspace_1.13.1/so/RTOS/os.c:88:6:os_install_task	1
C:/Users/danie/STM32CubeIDE/workspace_1.13.1/so/RTOS/os.c:99:7:os_sem_init	1
C:/Users/danie/STM32CubeIDE/workspace_1.13.1/so/RTOS/os.c:106:7:os_sem_pend	3
C:/Users/danie/STM32CubeIDE/workspace_1.13.1/so/RTOS/os.c:133:7:os_sem_post	4
C:/Users/danie/STM32CubeIDE/workspace_1.13.1/so/RTOS/os.c:158:7:os_mutex_init	1
C:/Users/danie/STM32CubeIDE/workspace_1.13.1/so/RTOS/os.c:165:6:remove_event	2
C:/Users/danie/STM32CubeIDE/workspace_1.13.1/so/RTOS/os.c:183:6:RemoveTaskFromList	4
C:/Users/danie/STM32CubeIDE/workspace_1.13.1/so/RTOS/os.c:207:6:IncludeTaskIntoList	2
../Core/Src/main.c:51:6:task1	1
../Core/Src/main.c:57:6:task2	1
../Core/Src/main.c:80:5:main	1
../Core/Src/main.c:126:6:SystemClock_Config	3
../Core/Src/main.c:167:13:MX_GPIO_Init	1
../Core/Src/main.c:188:6:Error_Handler	1
